>STDERR>example_err: error: message: Cannot allocate memory
<STDERR<exit code: 0
>STDERR>example_err: error: message: Cannot allocate memory
<STDERR<exit code: 1
>STDERR>example_err: error: message
<STDERR<exit code: 0
>STDERR>example_err: error: message
<STDERR<exit code: 1
>STDERR>example_err: warning: message: Cannot allocate memory
example_err: warning: message
<STDERR<
