>STDERR>./example_error:<STDERR<>STDERR> <STDERR<>STDERR><message><STDERR<>STDERR>
<STDERR<>STDERR>./example_error:<STDERR<>STDERR>file:42:<STDERR<>STDERR> <STDERR<>STDERR><message><STDERR<>STDERR>
<STDERR<>STDERR>./example_error:<STDERR<>STDERR> <STDERR<>STDERR><message><STDERR<>STDERR>: Cannot allocate memory<STDERR<>STDERR>
<STDERR<>STDERR>./example_error:<STDERR<>STDERR>file:42:<STDERR<>STDERR> <STDERR<>STDERR><message><STDERR<>STDERR>: Cannot allocate memory<STDERR<>STDERR>
<STDERR<>STDERR>./example_error:<STDERR<>STDERR>file:42:<STDERR<>STDERR> <STDERR<>STDERR><message><STDERR<>STDERR>: Cannot allocate memory<STDERR<>STDERR>
<STDERR<>STDERR>PROG<STDERR<>STDERR><message><STDERR<>STDERR>
<STDERR<>STDERR>PROG<STDERR<>STDERR>file:42:<STDERR<>STDERR> <STDERR<>STDERR><message><STDERR<>STDERR>
<STDERR<>STDERR>PROG<STDERR<>STDERR><message><STDERR<>STDERR>: Cannot allocate memory<STDERR<>STDERR>
<STDERR<>STDERR>PROG<STDERR<>STDERR>file:42:<STDERR<>STDERR> <STDERR<>STDERR><message><STDERR<>STDERR>: Cannot allocate memory<STDERR<>STDERR>
<STDERR<